    Blocking waiting for file lock on package cache
    Checking memchr v2.8.3
   Compiling libc v0.2.189
    Checking regex-syntax v0.8.11
    Checking rand_core v0.10.1
    Checking typenum v1.20.1
    Checking cfg-if v1.0.4
    Checking serde_core v1.0.229
   Compiling syn v2.0.119
    Checking bitflags v2.13.1
    Checking futures-sink v0.3.34
    Checking pin-project-lite v0.2.17
    Checking futures-core v0.3.34
    Checking equivalent v1.0.2
   Compiling num-traits v0.2.19
    Checking thiserror v2.0.20
    Checking crossbeam-utils v0.8.23
    Checking futures-io v0.3.34
    Checking futures-channel v0.3.34
    Checking slab v0.4.12
    Checking gix-trace v0.1.21
    Checking once_cell v1.21.4
    Checking cmov v0.5.4
    Checking futures-task v0.3.34
    Checking either v1.18.0
    Checking hashbrown v0.17.1
    Checking core-foundation-sys v0.8.7
    Checking ctutils v0.4.2
    Checking aho-corasick v1.1.5
    Checking crossbeam-epoch v0.9.21
    Checking futures-util v0.3.34
    Checking tracing-core v0.1.36
    Checking iana-time-zone v0.1.65
    Checking zerocopy v0.8.56
    Checking crossbeam-deque v0.8.8
    Checking fastrand v2.5.0
    Checking allocator-api2 v0.2.21
    Checking foldhash v0.2.0
    Checking log v0.4.34
    Checking winnow v1.0.4
    Checking ref-cast v1.0.27
    Checking hybrid-array v0.4.14
    Checking rayon-core v1.13.0
    Checking hashbrown v0.16.1
    Checking itertools v0.15.0
    Checking chacha20 v0.10.2
    Checking etcetera v0.11.0
    Checking crypto-common v0.2.2
    Checking block-buffer v0.12.1
    Checking toml_writer v1.1.2+spec-1.1.0
    Checking ucd-trie v0.1.7
    Checking unicode-bom v2.0.3
    Checking bytes v1.12.1
    Checking pest v2.9.1
    Checking clru v0.6.3
    Checking rayon v1.12.0
    Checking errno v0.3.14
    Checking getrandom v0.4.3
    Checking rustix v1.1.4
    Checking regex-automata v0.4.18
    Checking serde v1.0.229
    Checking indexmap v2.14.2
    Checking gix-features v0.49.1
    Checking digest v0.11.3
    Checking serde_spanned v1.1.1
    Checking blake2 v0.11.0
    Checking toml_datetime v1.1.1+spec-1.1.0
    Checking toml_parser v1.1.3+spec-1.1.0
    Checking rand v0.10.2
    Checking maplit v1.0.2
    Checking chrono v0.4.45
    Checking smallvec v1.16.0
    Checking strsim v0.11.1
    Checking dunce v1.0.5
    Checking pollster v1.0.1
    Checking toml_edit v0.25.13+spec-1.1.0
    Checking tempfile v3.27.0
    Checking futures-executor v0.3.34
    Checking futures v0.3.34
   Compiling logos-codegen v0.15.1
   Compiling pest_generator v2.9.1
    Checking ppv-lite86 v0.2.21
    Checking rand_chacha v0.10.0
    Checking bstr v1.13.1
    Checking regex v1.13.1
    Checking gix-validate v0.11.4
    Checking globset v0.4.20
    Checking gix-path v0.12.6
    Checking gix-glob v0.27.1
    Checking gix-ignore v0.22.1
   Compiling logos-derive v0.15.1
   Compiling tracing-attributes v0.1.31
   Compiling prost-derive v0.14.4
   Compiling pest_derive v2.9.1
    Checking logos v0.15.1
    Checking interim v0.2.1
    Checking prost v0.14.4
    Checking tracing v0.1.44
    Checking jj-core v0.45.1 (/tmp/jj-lfs-evaluation/source/core)
    Checking jj-lib v0.45.1 (/tmp/jj-lfs-evaluation/source/lib)
    Finished `dev` profile [unoptimized] target(s) in 22.49s
