S01-hydrated PASS
S02-modify PASS
S02-delete PASS
S02-rename PASS
S02-new PASS
A01-nested-unset PASS
A01-nested-set PASS
A01-macro PASS
A01-unspecified PASS
A01-last-wins PASS
A01-quoted-space PASS
A01-unicode PASS
A01-directory-only PASS
A01-recursive PASS
A01-case-sensitive PASS
A01-filter-set PASS
A01-subdir-relative PASS
A02-info-attributes FAIL
A03-global-attributes FAIL
A04-removed FAIL
A05-unset PASS
A06-existing-file PASS
A07-symlink-attrs PASS
A08-symlink-asset FAIL
A09-ignored-directory PASS
A10-file-directory FAIL
C01-disable PASS
C02-force-track FAIL
C03-invalid-config PASS
P01-pointer PASS
P02-malformed PASS
P03-empty PASS
P04-missing-object PASS
W01-sparse PASS
W02-sparse-dirty FAIL
W03-workspace PASS
W04-run PASS
D01-permission OBSERVED
D02-executable PASS
N01-performance PASS
{"PASS": 32, "FAIL": 7, "ERROR": 0, "OBSERVED": 1}
