Get:1 http://deb.debian.org/debian bookworm InRelease [151 kB]
Get:2 http://deb.debian.org/debian bookworm-updates InRelease [55.4 kB]
Get:3 http://deb.debian.org/debian-security bookworm-security InRelease [34.8 kB]
Get:4 http://deb.debian.org/debian bookworm/main arm64 Packages [8689 kB]
Get:5 http://deb.debian.org/debian bookworm-updates/main arm64 Packages [6936 B]
Get:6 http://deb.debian.org/debian-security bookworm-security/main arm64 Packages [339 kB]
Fetched 9277 kB in 2s (3808 kB/s)
Reading package lists...
Reading package lists...
Building dependency tree...
Reading state information...
python3 is already the newest version (3.11.2-1+b1).
python3 set to manually installed.
pkg-config is already the newest version (1.8.1-1).
pkg-config set to manually installed.
Suggested packages:
  libssl-doc
The following NEW packages will be installed:
  git-lfs
The following packages will be upgraded:
  libssl-dev libssl3 openssl
3 upgraded, 1 newly installed, 0 to remove and 39 not upgraded.
Need to get 8576 kB of archives.
After this operation, 10.7 MB of additional disk space will be used.
Get:1 http://deb.debian.org/debian bookworm/main arm64 git-lfs arm64 3.3.0-1+deb12u1 [3021 kB]
Get:2 http://deb.debian.org/debian-security bookworm-security/main arm64 libssl-dev arm64 3.0.22-1~deb12u1 [2318 kB]
Get:3 http://deb.debian.org/debian-security bookworm-security/main arm64 libssl3 arm64 3.0.22-1~deb12u1 [1828 kB]
Get:4 http://deb.debian.org/debian-security bookworm-security/main arm64 openssl arm64 3.0.22-1~deb12u1 [1410 kB]
debconf: delaying package configuration, since apt-utils is not installed
Fetched 8576 kB in 1s (6298 kB/s)
Selecting previously unselected package git-lfs.
(Reading database ... 
(Reading database ... 5%
(Reading database ... 10%
(Reading database ... 15%
(Reading database ... 20%
(Reading database ... 25%
(Reading database ... 30%
(Reading database ... 35%
(Reading database ... 40%
(Reading database ... 45%
(Reading database ... 50%
(Reading database ... 55%
(Reading database ... 60%
(Reading database ... 65%
(Reading database ... 70%
(Reading database ... 75%
(Reading database ... 80%
(Reading database ... 85%
(Reading database ... 90%
(Reading database ... 95%
(Reading database ... 100%
(Reading database ... 23279 files and directories currently installed.)
Preparing to unpack .../git-lfs_3.3.0-1+deb12u1_arm64.deb ...
Unpacking git-lfs (3.3.0-1+deb12u1) ...
Preparing to unpack .../libssl-dev_3.0.22-1~deb12u1_arm64.deb ...
Unpacking libssl-dev:arm64 (3.0.22-1~deb12u1) over (3.0.20-1~deb12u2) ...
Preparing to unpack .../libssl3_3.0.22-1~deb12u1_arm64.deb ...
Unpacking libssl3:arm64 (3.0.22-1~deb12u1) over (3.0.20-1~deb12u2) ...
Preparing to unpack .../openssl_3.0.22-1~deb12u1_arm64.deb ...
Unpacking openssl (3.0.22-1~deb12u1) over (3.0.20-1~deb12u2) ...
Setting up libssl3:arm64 (3.0.22-1~deb12u1) ...
Setting up libssl-dev:arm64 (3.0.22-1~deb12u1) ...
Setting up git-lfs (3.3.0-1+deb12u1) ...
Setting up openssl (3.0.22-1~deb12u1) ...
Processing triggers for libc-bin (2.36-9+deb12u14) ...
