Get:1 http://ports.ubuntu.com/ubuntu-ports resolute InRelease [136 kB]
Get:2 http://ports.ubuntu.com/ubuntu-ports resolute-updates InRelease [137 kB]
Get:3 http://ports.ubuntu.com/ubuntu-ports resolute-backports InRelease [137 kB]
Get:4 http://ports.ubuntu.com/ubuntu-ports resolute-security InRelease [137 kB]
Get:5 http://ports.ubuntu.com/ubuntu-ports resolute/multiverse arm64 Packages [298 kB]
Get:6 http://ports.ubuntu.com/ubuntu-ports resolute/restricted arm64 Packages [231 kB]
Get:7 http://ports.ubuntu.com/ubuntu-ports resolute/main arm64 Packages [1860 kB]
Get:8 http://ports.ubuntu.com/ubuntu-ports resolute/universe arm64 Packages [19.9 MB]
Get:9 http://ports.ubuntu.com/ubuntu-ports resolute-updates/restricted arm64 Packages [743 kB]
Get:10 http://ports.ubuntu.com/ubuntu-ports resolute-updates/multiverse arm64 Packages [14.9 kB]
Get:11 http://ports.ubuntu.com/ubuntu-ports resolute-updates/main arm64 Packages [853 kB]
Get:12 http://ports.ubuntu.com/ubuntu-ports resolute-updates/universe arm64 Packages [372 kB]
Get:13 http://ports.ubuntu.com/ubuntu-ports resolute-backports/universe arm64 Packages [3308 B]
Get:14 http://ports.ubuntu.com/ubuntu-ports resolute-security/restricted arm64 Packages [715 kB]
Get:15 http://ports.ubuntu.com/ubuntu-ports resolute-security/main arm64 Packages [670 kB]
Get:16 http://ports.ubuntu.com/ubuntu-ports resolute-security/multiverse arm64 Packages [13.6 kB]
Get:17 http://ports.ubuntu.com/ubuntu-ports resolute-security/universe arm64 Packages [214 kB]
Fetched 26.5 MB in 7s (3876 kB/s)
Reading package lists...
Reading package lists...
Building dependency tree...
Reading state information...
Solving dependencies...
The following additional packages will be installed:
  adduser git-man krb5-locales less libbrotli1 libcbor0.10 libcurl3t64-gnutls
  libedit2 liberror-perl libexpat1 libffi8 libfido2-1 libgdbm-compat4t64
  libgdbm6t64 libgnutls30t64 libgssapi-krb5-2 libhogweed6t64 libidn2-0
  libk5crypto3 libkeyutils1 libkrb5-3 libkrb5support0 libldap-common libldap2
  libnettle8t64 libnghttp2-14 libp11-kit0 libperl5.40 libpsl5t64
  libpython3-stdlib libpython3.14-minimal libpython3.14-stdlib libreadline8t64
  librtmp1 libsasl2-2 libsasl2-modules libsasl2-modules-db libsqlite3-0
  libssh2-1t64 libssl3t64 libtasn1-6 libunistring5 libx11-6 libx11-data
  libxau6 libxcb1 libxdmcp6 libxext6 libxmuu1 media-types netbase
  openssh-client openssl openssl-provider-legacy patch perl perl-base
  perl-modules-5.40 publicsuffix python3-minimal python3.14 python3.14-minimal
  readline-common tzdata xauth
Suggested packages:
  liblocale-gettext-perl cron quota ecryptfs-utils gettext-base git-doc
  git-email git-gui gitk gitweb git-cvs git-svn gdbm-l10n gnutls-bin krb5-doc
  krb5-user libsasl2-modules-gssapi-mit | libsasl2-modules-gssapi-heimdal
  libsasl2-modules-ldap libsasl2-modules-otp libsasl2-modules-sql keychain
  libpam-ssh monkeysphere ssh-askpass ed diffutils-doc perl-doc
  libterm-readline-gnu-perl | libterm-readline-perl-perl make
  libtap-harness-archive-perl python3-doc python3-tk python3-venv
  python3.14-venv python3.14-doc binutils binfmt-support readline-doc
The following NEW packages will be installed:
  adduser ca-certificates git git-lfs git-man krb5-locales less libbrotli1
  libcbor0.10 libcurl3t64-gnutls libedit2 liberror-perl libexpat1 libffi8
  libfido2-1 libgdbm-compat4t64 libgdbm6t64 libgnutls30t64 libgssapi-krb5-2
  libhogweed6t64 libidn2-0 libk5crypto3 libkeyutils1 libkrb5-3 libkrb5support0
  libldap-common libldap2 libnettle8t64 libnghttp2-14 libp11-kit0 libperl5.40
  libpsl5t64 libpython3-stdlib libpython3.14-minimal libpython3.14-stdlib
  libreadline8t64 librtmp1 libsasl2-2 libsasl2-modules libsasl2-modules-db
  libsqlite3-0 libssh2-1t64 libtasn1-6 libunistring5 libx11-6 libx11-data
  libxau6 libxcb1 libxdmcp6 libxext6 libxmuu1 media-types netbase
  openssh-client openssl patch perl perl-modules-5.40 publicsuffix python3
  python3-minimal python3.14 python3.14-minimal readline-common tzdata xauth
The following packages will be upgraded:
  libssl3t64 openssl-provider-legacy perl-base
3 upgraded, 66 newly installed, 0 to remove and 31 not upgraded.
Need to get 38.6 MB of archives.
After this operation, 152 MB of additional disk space will be used.
Get:1 http://ports.ubuntu.com/ubuntu-ports resolute-updates/main arm64 perl-base arm64 5.40.1-7ubuntu0.3 [1787 kB]
Get:2 http://ports.ubuntu.com/ubuntu-ports resolute-updates/main arm64 libexpat1 arm64 2.7.4-1ubuntu0.2 [88.2 kB]
Get:3 http://ports.ubuntu.com/ubuntu-ports resolute-updates/main arm64 openssl-provider-legacy arm64 3.5.5-1ubuntu3.5 [38.4 kB]
Get:4 http://ports.ubuntu.com/ubuntu-ports resolute-updates/main arm64 libssl3t64 arm64 3.5.5-1ubuntu3.5 [2764 kB]
Get:5 http://ports.ubuntu.com/ubuntu-ports resolute-updates/main arm64 libpython3.14-minimal arm64 3.14.4-1ubuntu0.2 [913 kB]
Get:6 http://ports.ubuntu.com/ubuntu-ports resolute-updates/main arm64 python3.14-minimal arm64 3.14.4-1ubuntu0.2 [2568 kB]
Get:7 http://ports.ubuntu.com/ubuntu-ports resolute/main arm64 python3-minimal arm64 3.14.3-0ubuntu2 [25.8 kB]
Get:8 http://ports.ubuntu.com/ubuntu-ports resolute/main arm64 media-types all 14.0.0build1 [31.4 kB]
Get:9 http://ports.ubuntu.com/ubuntu-ports resolute/main arm64 netbase all 6.5build1 [13.0 kB]
Get:10 http://ports.ubuntu.com/ubuntu-ports resolute-updates/main arm64 tzdata all 2026c-0ubuntu0.26.04.1 [193 kB]
Get:11 http://ports.ubuntu.com/ubuntu-ports resolute/main arm64 libffi8 arm64 3.5.2-4 [24.4 kB]
Get:12 http://ports.ubuntu.com/ubuntu-ports resolute/main arm64 readline-common all 8.3-4 [61.5 kB]
Get:13 http://ports.ubuntu.com/ubuntu-ports resolute/main arm64 libreadline8t64 arm64 8.3-4 [162 kB]
Get:14 http://ports.ubuntu.com/ubuntu-ports resolute-updates/main arm64 libsqlite3-0 arm64 3.46.1-9ubuntu0.3 [709 kB]
Get:15 http://ports.ubuntu.com/ubuntu-ports resolute-updates/main arm64 libpython3.14-stdlib arm64 3.14.4-1ubuntu0.2 [2368 kB]
Get:16 http://ports.ubuntu.com/ubuntu-ports resolute-updates/main arm64 python3.14 arm64 3.14.4-1ubuntu0.2 [830 kB]
Get:17 http://ports.ubuntu.com/ubuntu-ports resolute/main arm64 libpython3-stdlib arm64 3.14.3-0ubuntu2 [8480 B]
Get:18 http://ports.ubuntu.com/ubuntu-ports resolute/main arm64 python3 arm64 3.14.3-0ubuntu2 [22.9 kB]
Get:19 http://ports.ubuntu.com/ubuntu-ports resolute/main arm64 adduser all 3.153ubuntu1 [194 kB]
Get:20 http://ports.ubuntu.com/ubuntu-ports resolute-updates/main arm64 openssl arm64 3.5.5-1ubuntu3.5 [1223 kB]
Get:21 http://ports.ubuntu.com/ubuntu-ports resolute-updates/main arm64 ca-certificates all 20260601~26.04.1 [139 kB]
Get:22 http://ports.ubuntu.com/ubuntu-ports resolute-updates/main arm64 krb5-locales all 1.22.1-2ubuntu4.1 [13.6 kB]
Get:23 http://ports.ubuntu.com/ubuntu-ports resolute/main arm64 less arm64 668-1build1 [171 kB]
Get:24 http://ports.ubuntu.com/ubuntu-ports resolute/main arm64 libedit2 arm64 3.1-20251016-1 [96.3 kB]
Get:25 http://ports.ubuntu.com/ubuntu-ports resolute/main arm64 libnettle8t64 arm64 3.10.2-1 [190 kB]
Get:26 http://ports.ubuntu.com/ubuntu-ports resolute/main arm64 libhogweed6t64 arm64 3.10.2-1 [200 kB]
Get:27 http://ports.ubuntu.com/ubuntu-ports resolute/main arm64 libunistring5 arm64 1.3-2build1 [601 kB]
Get:28 http://ports.ubuntu.com/ubuntu-ports resolute/main arm64 libidn2-0 arm64 2.3.8-4build1 [68.3 kB]
Get:29 http://ports.ubuntu.com/ubuntu-ports resolute/main arm64 libp11-kit0 arm64 0.26.2-2 [306 kB]
Get:30 http://ports.ubuntu.com/ubuntu-ports resolute/main arm64 libtasn1-6 arm64 4.21.0-2 [44.4 kB]
Get:31 http://ports.ubuntu.com/ubuntu-ports resolute-updates/main arm64 libgnutls30t64 arm64 3.8.12-2ubuntu1.1 [957 kB]
Get:32 http://ports.ubuntu.com/ubuntu-ports resolute-updates/main arm64 libkrb5support0 arm64 1.22.1-2ubuntu4.1 [33.5 kB]
Get:33 http://ports.ubuntu.com/ubuntu-ports resolute-updates/main arm64 libk5crypto3 arm64 1.22.1-2ubuntu4.1 [82.2 kB]
Get:34 http://ports.ubuntu.com/ubuntu-ports resolute/main arm64 libkeyutils1 arm64 1.6.3-6ubuntu3 [10.8 kB]
Get:35 http://ports.ubuntu.com/ubuntu-ports resolute-updates/main arm64 libkrb5-3 arm64 1.22.1-2ubuntu4.1 [357 kB]
Get:36 http://ports.ubuntu.com/ubuntu-ports resolute-updates/main arm64 libgssapi-krb5-2 arm64 1.22.1-2ubuntu4.1 [144 kB]
Get:37 http://ports.ubuntu.com/ubuntu-ports resolute/main arm64 libcbor0.10 arm64 0.10.2-2ubuntu3 [25.2 kB]
Get:38 http://ports.ubuntu.com/ubuntu-ports resolute/main arm64 libfido2-1 arm64 1.16.0-2build1 [83.1 kB]
Get:39 http://ports.ubuntu.com/ubuntu-ports resolute/main arm64 libgdbm6t64 arm64 1.26-1build1 [36.1 kB]
Get:40 http://ports.ubuntu.com/ubuntu-ports resolute-updates/main arm64 libnghttp2-14 arm64 1.68.0-2ubuntu0.2 [70.7 kB]
Get:41 http://ports.ubuntu.com/ubuntu-ports resolute/main arm64 libpsl5t64 arm64 0.21.2-1.1build2 [59.7 kB]
Get:42 http://ports.ubuntu.com/ubuntu-ports resolute/main arm64 libxau6 arm64 1:1.0.11-1build2 [7644 B]
Get:43 http://ports.ubuntu.com/ubuntu-ports resolute/main arm64 libxdmcp6 arm64 1:1.1.5-2 [10.9 kB]
Get:44 http://ports.ubuntu.com/ubuntu-ports resolute/main arm64 libxcb1 arm64 1.17.0-2ubuntu1 [49.2 kB]
Get:45 http://ports.ubuntu.com/ubuntu-ports resolute/main arm64 libx11-data all 2:1.8.13-1 [114 kB]
Get:46 http://ports.ubuntu.com/ubuntu-ports resolute/main arm64 libx11-6 arm64 2:1.8.13-1 [652 kB]
Get:47 http://ports.ubuntu.com/ubuntu-ports resolute/main arm64 libxext6 arm64 2:1.3.4-1build3 [30.2 kB]
Get:48 http://ports.ubuntu.com/ubuntu-ports resolute/main arm64 libxmuu1 arm64 2:1.1.3-4 [9368 B]
Get:49 http://ports.ubuntu.com/ubuntu-ports resolute-updates/main arm64 openssh-client arm64 1:10.2p1-2ubuntu3.6 [905 kB]
Get:50 http://ports.ubuntu.com/ubuntu-ports resolute/main arm64 publicsuffix all 20260129.1928-1 [139 kB]
Get:51 http://ports.ubuntu.com/ubuntu-ports resolute/main arm64 xauth arm64 1:1.1.2-1.1build1 [25.4 kB]
Get:52 http://ports.ubuntu.com/ubuntu-ports resolute/main arm64 libbrotli1 arm64 1.2.0-3build1 [345 kB]
Get:53 http://ports.ubuntu.com/ubuntu-ports resolute/main arm64 libsasl2-modules-db arm64 2.1.28+dfsg1-9ubuntu3 [21.6 kB]
Get:54 http://ports.ubuntu.com/ubuntu-ports resolute/main arm64 libsasl2-2 arm64 2.1.28+dfsg1-9ubuntu3 [53.7 kB]
Get:55 http://ports.ubuntu.com/ubuntu-ports resolute/main arm64 libldap-common all 2.6.10+dfsg-1ubuntu5 [36.0 kB]
Get:56 http://ports.ubuntu.com/ubuntu-ports resolute/main arm64 libldap2 arm64 2.6.10+dfsg-1ubuntu5 [200 kB]
Get:57 http://ports.ubuntu.com/ubuntu-ports resolute/main arm64 librtmp1 arm64 2.4+20151223.gitfa8646d.1-3 [58.7 kB]
Get:58 http://ports.ubuntu.com/ubuntu-ports resolute-updates/main arm64 libssh2-1t64 arm64 1.11.1-1ubuntu0.26.04.4 [134 kB]
Get:59 http://ports.ubuntu.com/ubuntu-ports resolute-updates/main arm64 libcurl3t64-gnutls arm64 8.18.0-1ubuntu2.7 [406 kB]
Get:60 http://ports.ubuntu.com/ubuntu-ports resolute-updates/main arm64 perl-modules-5.40 all 5.40.1-7ubuntu0.3 [3212 kB]
Get:61 http://ports.ubuntu.com/ubuntu-ports resolute/main arm64 libgdbm-compat4t64 arm64 1.26-1build1 [6650 B]
Get:62 http://ports.ubuntu.com/ubuntu-ports resolute-updates/main arm64 libperl5.40 arm64 5.40.1-7ubuntu0.3 [4784 kB]
Get:63 http://ports.ubuntu.com/ubuntu-ports resolute-updates/main arm64 perl arm64 5.40.1-7ubuntu0.3 [262 kB]
Get:64 http://ports.ubuntu.com/ubuntu-ports resolute/main arm64 liberror-perl all 0.17030-1 [23.5 kB]
Get:65 http://ports.ubuntu.com/ubuntu-ports resolute/main arm64 git-man all 1:2.53.0-1ubuntu1 [1202 kB]
Get:66 http://ports.ubuntu.com/ubuntu-ports resolute/main arm64 git arm64 1:2.53.0-1ubuntu1 [4232 kB]
Get:67 http://ports.ubuntu.com/ubuntu-ports resolute/universe arm64 git-lfs arm64 3.7.1-1 [3850 kB]
Get:68 http://ports.ubuntu.com/ubuntu-ports resolute/main arm64 libsasl2-modules arm64 2.1.28+dfsg1-9ubuntu3 [70.0 kB]
Get:69 http://ports.ubuntu.com/ubuntu-ports resolute/main arm64 patch arm64 2.8-2build1 [93.4 kB]
Preconfiguring packages ...
Fetched 38.6 MB in 8s (4869 kB/s)
(Reading database ... 
(Reading database ... 5%
(Reading database ... 10%
(Reading database ... 15%
(Reading database ... 20%
(Reading database ... 25%
(Reading database ... 30%
(Reading database ... 35%
(Reading database ... 40%
(Reading database ... 45%
(Reading database ... 50%
(Reading database ... 55%
(Reading database ... 60%
(Reading database ... 65%
(Reading database ... 70%
(Reading database ... 75%
(Reading database ... 80%
(Reading database ... 85%
(Reading database ... 90%
(Reading database ... 95%
(Reading database ... 100%
(Reading database ... 7623 files and directories currently installed.)
Preparing to unpack .../perl-base_5.40.1-7ubuntu0.3_arm64.deb ...
Unpacking perl-base (5.40.1-7ubuntu0.3) over (5.40.1-7build1) ...
Setting up perl-base (5.40.1-7ubuntu0.3) ...
Selecting previously unselected package libexpat1:arm64.
(Reading database ... 
(Reading database ... 5%
(Reading database ... 10%
(Reading database ... 15%
(Reading database ... 20%
(Reading database ... 25%
(Reading database ... 30%
(Reading database ... 35%
(Reading database ... 40%
(Reading database ... 45%
(Reading database ... 50%
(Reading database ... 55%
(Reading database ... 60%
(Reading database ... 65%
(Reading database ... 70%
(Reading database ... 75%
(Reading database ... 80%
(Reading database ... 85%
(Reading database ... 90%
(Reading database ... 95%
(Reading database ... 100%
(Reading database ... 7623 files and directories currently installed.)
Preparing to unpack .../libexpat1_2.7.4-1ubuntu0.2_arm64.deb ...
Unpacking libexpat1:arm64 (2.7.4-1ubuntu0.2) ...
Preparing to unpack .../openssl-provider-legacy_3.5.5-1ubuntu3.5_arm64.deb ...
Unpacking openssl-provider-legacy (3.5.5-1ubuntu3.5) over (3.5.5-1ubuntu1) ...
Setting up openssl-provider-legacy (3.5.5-1ubuntu3.5) ...
(Reading database ... 
(Reading database ... 5%
(Reading database ... 10%
(Reading database ... 15%
(Reading database ... 20%
(Reading database ... 25%
(Reading database ... 30%
(Reading database ... 35%
(Reading database ... 40%
(Reading database ... 45%
(Reading database ... 50%
(Reading database ... 55%
(Reading database ... 60%
(Reading database ... 65%
(Reading database ... 70%
(Reading database ... 75%
(Reading database ... 80%
(Reading database ... 85%
(Reading database ... 90%
(Reading database ... 95%
(Reading database ... 100%
(Reading database ... 7631 files and directories currently installed.)
Preparing to unpack .../libssl3t64_3.5.5-1ubuntu3.5_arm64.deb ...
Unpacking libssl3t64:arm64 (3.5.5-1ubuntu3.5) over (3.5.5-1ubuntu1) ...
Setting up libssl3t64:arm64 (3.5.5-1ubuntu3.5) ...
Selecting previously unselected package libpython3.14-minimal:arm64.
(Reading database ... 
(Reading database ... 5%
(Reading database ... 10%
(Reading database ... 15%
(Reading database ... 20%
(Reading database ... 25%
(Reading database ... 30%
(Reading database ... 35%
(Reading database ... 40%
(Reading database ... 45%
(Reading database ... 50%
(Reading database ... 55%
(Reading database ... 60%
(Reading database ... 65%
(Reading database ... 70%
(Reading database ... 75%
(Reading database ... 80%
(Reading database ... 85%
(Reading database ... 90%
(Reading database ... 95%
(Reading database ... 100%
(Reading database ... 7631 files and directories currently installed.)
Preparing to unpack .../libpython3.14-minimal_3.14.4-1ubuntu0.2_arm64.deb ...
Unpacking libpython3.14-minimal:arm64 (3.14.4-1ubuntu0.2) ...
Selecting previously unselected package python3.14-minimal.
Preparing to unpack .../python3.14-minimal_3.14.4-1ubuntu0.2_arm64.deb ...
Unpacking python3.14-minimal (3.14.4-1ubuntu0.2) ...
Setting up libpython3.14-minimal:arm64 (3.14.4-1ubuntu0.2) ...
Setting up libexpat1:arm64 (2.7.4-1ubuntu0.2) ...
Setting up python3.14-minimal (3.14.4-1ubuntu0.2) ...
Selecting previously unselected package python3-minimal.
(Reading database ... 
(Reading database ... 5%
(Reading database ... 10%
(Reading database ... 15%
(Reading database ... 20%
(Reading database ... 25%
(Reading database ... 30%
(Reading database ... 35%
(Reading database ... 40%
(Reading database ... 45%
(Reading database ... 50%
(Reading database ... 55%
(Reading database ... 60%
(Reading database ... 65%
(Reading database ... 70%
(Reading database ... 75%
(Reading database ... 80%
(Reading database ... 85%
(Reading database ... 90%
(Reading database ... 95%
(Reading database ... 100%
(Reading database ... 7977 files and directories currently installed.)
Preparing to unpack .../00-python3-minimal_3.14.3-0ubuntu2_arm64.deb ...
Unpacking python3-minimal (3.14.3-0ubuntu2) ...
Selecting previously unselected package media-types.
Preparing to unpack .../01-media-types_14.0.0build1_all.deb ...
Unpacking media-types (14.0.0build1) ...
Selecting previously unselected package netbase.
Preparing to unpack .../02-netbase_6.5build1_all.deb ...
Unpacking netbase (6.5build1) ...
Selecting previously unselected package tzdata.
Preparing to unpack .../03-tzdata_2026c-0ubuntu0.26.04.1_all.deb ...
Unpacking tzdata (2026c-0ubuntu0.26.04.1) ...
Selecting previously unselected package libffi8:arm64.
Preparing to unpack .../04-libffi8_3.5.2-4_arm64.deb ...
Unpacking libffi8:arm64 (3.5.2-4) ...
Selecting previously unselected package readline-common.
Preparing to unpack .../05-readline-common_8.3-4_all.deb ...
Unpacking readline-common (8.3-4) ...
Selecting previously unselected package libreadline8t64:arm64.
Preparing to unpack .../06-libreadline8t64_8.3-4_arm64.deb ...
Adding 'diversion of /lib/aarch64-linux-gnu/libhistory.so.8 to /lib/aarch64-linux-gnu/libhistory.so.8.usr-is-merged by libreadline8t64'
Adding 'diversion of /lib/aarch64-linux-gnu/libhistory.so.8.2 to /lib/aarch64-linux-gnu/libhistory.so.8.2.usr-is-merged by libreadline8t64'
Adding 'diversion of /lib/aarch64-linux-gnu/libreadline.so.8 to /lib/aarch64-linux-gnu/libreadline.so.8.usr-is-merged by libreadline8t64'
Adding 'diversion of /lib/aarch64-linux-gnu/libreadline.so.8.2 to /lib/aarch64-linux-gnu/libreadline.so.8.2.usr-is-merged by libreadline8t64'
Unpacking libreadline8t64:arm64 (8.3-4) ...
Selecting previously unselected package libsqlite3-0:arm64.
Preparing to unpack .../07-libsqlite3-0_3.46.1-9ubuntu0.3_arm64.deb ...
Unpacking libsqlite3-0:arm64 (3.46.1-9ubuntu0.3) ...
Selecting previously unselected package libpython3.14-stdlib:arm64.
Preparing to unpack .../08-libpython3.14-stdlib_3.14.4-1ubuntu0.2_arm64.deb ...
Unpacking libpython3.14-stdlib:arm64 (3.14.4-1ubuntu0.2) ...
Selecting previously unselected package python3.14.
Preparing to unpack .../09-python3.14_3.14.4-1ubuntu0.2_arm64.deb ...
Unpacking python3.14 (3.14.4-1ubuntu0.2) ...
Selecting previously unselected package libpython3-stdlib:arm64.
Preparing to unpack .../10-libpython3-stdlib_3.14.3-0ubuntu2_arm64.deb ...
Unpacking libpython3-stdlib:arm64 (3.14.3-0ubuntu2) ...
Setting up python3-minimal (3.14.3-0ubuntu2) ...
Selecting previously unselected package python3.
(Reading database ... 
(Reading database ... 5%
(Reading database ... 10%
(Reading database ... 15%
(Reading database ... 20%
(Reading database ... 25%
(Reading database ... 30%
(Reading database ... 35%
(Reading database ... 40%
(Reading database ... 45%
(Reading database ... 50%
(Reading database ... 55%
(Reading database ... 60%
(Reading database ... 65%
(Reading database ... 70%
(Reading database ... 75%
(Reading database ... 80%
(Reading database ... 85%
(Reading database ... 90%
(Reading database ... 95%
(Reading database ... 100%
(Reading database ... 9008 files and directories currently installed.)
Preparing to unpack .../python3_3.14.3-0ubuntu2_arm64.deb ...
Unpacking python3 (3.14.3-0ubuntu2) ...
Selecting previously unselected package adduser.
Preparing to unpack .../adduser_3.153ubuntu1_all.deb ...
Unpacking adduser (3.153ubuntu1) ...
Setting up adduser (3.153ubuntu1) ...
Selecting previously unselected package openssl.
(Reading database ... 
(Reading database ... 5%
(Reading database ... 10%
(Reading database ... 15%
(Reading database ... 20%
(Reading database ... 25%
(Reading database ... 30%
(Reading database ... 35%
(Reading database ... 40%
(Reading database ... 45%
(Reading database ... 50%
(Reading database ... 55%
(Reading database ... 60%
(Reading database ... 65%
(Reading database ... 70%
(Reading database ... 75%
(Reading database ... 80%
(Reading database ... 85%
(Reading database ... 90%
(Reading database ... 95%
(Reading database ... 100%
(Reading database ... 9113 files and directories currently installed.)
Preparing to unpack .../00-openssl_3.5.5-1ubuntu3.5_arm64.deb ...
Unpacking openssl (3.5.5-1ubuntu3.5) ...
Selecting previously unselected package ca-certificates.
Preparing to unpack .../01-ca-certificates_20260601~26.04.1_all.deb ...
Unpacking ca-certificates (20260601~26.04.1) ...
Selecting previously unselected package krb5-locales.
Preparing to unpack .../02-krb5-locales_1.22.1-2ubuntu4.1_all.deb ...
Unpacking krb5-locales (1.22.1-2ubuntu4.1) ...
Selecting previously unselected package less.
Preparing to unpack .../03-less_668-1build1_arm64.deb ...
Unpacking less (668-1build1) ...
Selecting previously unselected package libedit2:arm64.
Preparing to unpack .../04-libedit2_3.1-20251016-1_arm64.deb ...
Unpacking libedit2:arm64 (3.1-20251016-1) ...
Selecting previously unselected package libnettle8t64:arm64.
Preparing to unpack .../05-libnettle8t64_3.10.2-1_arm64.deb ...
Unpacking libnettle8t64:arm64 (3.10.2-1) ...
Selecting previously unselected package libhogweed6t64:arm64.
Preparing to unpack .../06-libhogweed6t64_3.10.2-1_arm64.deb ...
Unpacking libhogweed6t64:arm64 (3.10.2-1) ...
Selecting previously unselected package libunistring5:arm64.
Preparing to unpack .../07-libunistring5_1.3-2build1_arm64.deb ...
Unpacking libunistring5:arm64 (1.3-2build1) ...
Selecting previously unselected package libidn2-0:arm64.
Preparing to unpack .../08-libidn2-0_2.3.8-4build1_arm64.deb ...
Unpacking libidn2-0:arm64 (2.3.8-4build1) ...
Selecting previously unselected package libp11-kit0:arm64.
Preparing to unpack .../09-libp11-kit0_0.26.2-2_arm64.deb ...
Unpacking libp11-kit0:arm64 (0.26.2-2) ...
Selecting previously unselected package libtasn1-6:arm64.
Preparing to unpack .../10-libtasn1-6_4.21.0-2_arm64.deb ...
Unpacking libtasn1-6:arm64 (4.21.0-2) ...
Selecting previously unselected package libgnutls30t64:arm64.
Preparing to unpack .../11-libgnutls30t64_3.8.12-2ubuntu1.1_arm64.deb ...
Unpacking libgnutls30t64:arm64 (3.8.12-2ubuntu1.1) ...
Selecting previously unselected package libkrb5support0:arm64.
Preparing to unpack .../12-libkrb5support0_1.22.1-2ubuntu4.1_arm64.deb ...
Unpacking libkrb5support0:arm64 (1.22.1-2ubuntu4.1) ...
Selecting previously unselected package libk5crypto3:arm64.
Preparing to unpack .../13-libk5crypto3_1.22.1-2ubuntu4.1_arm64.deb ...
Unpacking libk5crypto3:arm64 (1.22.1-2ubuntu4.1) ...
Selecting previously unselected package libkeyutils1:arm64.
Preparing to unpack .../14-libkeyutils1_1.6.3-6ubuntu3_arm64.deb ...
Unpacking libkeyutils1:arm64 (1.6.3-6ubuntu3) ...
Selecting previously unselected package libkrb5-3:arm64.
Preparing to unpack .../15-libkrb5-3_1.22.1-2ubuntu4.1_arm64.deb ...
Unpacking libkrb5-3:arm64 (1.22.1-2ubuntu4.1) ...
Selecting previously unselected package libgssapi-krb5-2:arm64.
Preparing to unpack .../16-libgssapi-krb5-2_1.22.1-2ubuntu4.1_arm64.deb ...
Unpacking libgssapi-krb5-2:arm64 (1.22.1-2ubuntu4.1) ...
Selecting previously unselected package libcbor0.10:arm64.
Preparing to unpack .../17-libcbor0.10_0.10.2-2ubuntu3_arm64.deb ...
Unpacking libcbor0.10:arm64 (0.10.2-2ubuntu3) ...
Selecting previously unselected package libfido2-1:arm64.
Preparing to unpack .../18-libfido2-1_1.16.0-2build1_arm64.deb ...
Unpacking libfido2-1:arm64 (1.16.0-2build1) ...
Selecting previously unselected package libgdbm6t64:arm64.
Preparing to unpack .../19-libgdbm6t64_1.26-1build1_arm64.deb ...
Unpacking libgdbm6t64:arm64 (1.26-1build1) ...
Selecting previously unselected package libnghttp2-14:arm64.
Preparing to unpack .../20-libnghttp2-14_1.68.0-2ubuntu0.2_arm64.deb ...
Unpacking libnghttp2-14:arm64 (1.68.0-2ubuntu0.2) ...
Selecting previously unselected package libpsl5t64:arm64.
Preparing to unpack .../21-libpsl5t64_0.21.2-1.1build2_arm64.deb ...
Unpacking libpsl5t64:arm64 (0.21.2-1.1build2) ...
Selecting previously unselected package libxau6:arm64.
Preparing to unpack .../22-libxau6_1%3a1.0.11-1build2_arm64.deb ...
Unpacking libxau6:arm64 (1:1.0.11-1build2) ...
Selecting previously unselected package libxdmcp6:arm64.
Preparing to unpack .../23-libxdmcp6_1%3a1.1.5-2_arm64.deb ...
Unpacking libxdmcp6:arm64 (1:1.1.5-2) ...
Selecting previously unselected package libxcb1:arm64.
Preparing to unpack .../24-libxcb1_1.17.0-2ubuntu1_arm64.deb ...
Unpacking libxcb1:arm64 (1.17.0-2ubuntu1) ...
Selecting previously unselected package libx11-data.
Preparing to unpack .../25-libx11-data_2%3a1.8.13-1_all.deb ...
Unpacking libx11-data (2:1.8.13-1) ...
Selecting previously unselected package libx11-6:arm64.
Preparing to unpack .../26-libx11-6_2%3a1.8.13-1_arm64.deb ...
Unpacking libx11-6:arm64 (2:1.8.13-1) ...
Selecting previously unselected package libxext6:arm64.
Preparing to unpack .../27-libxext6_2%3a1.3.4-1build3_arm64.deb ...
Unpacking libxext6:arm64 (2:1.3.4-1build3) ...
Selecting previously unselected package libxmuu1:arm64.
Preparing to unpack .../28-libxmuu1_2%3a1.1.3-4_arm64.deb ...
Unpacking libxmuu1:arm64 (2:1.1.3-4) ...
Selecting previously unselected package openssh-client.
Preparing to unpack .../29-openssh-client_1%3a10.2p1-2ubuntu3.6_arm64.deb ...
Unpacking openssh-client (1:10.2p1-2ubuntu3.6) ...
Selecting previously unselected package publicsuffix.
Preparing to unpack .../30-publicsuffix_20260129.1928-1_all.deb ...
Unpacking publicsuffix (20260129.1928-1) ...
Selecting previously unselected package xauth.
Preparing to unpack .../31-xauth_1%3a1.1.2-1.1build1_arm64.deb ...
Unpacking xauth (1:1.1.2-1.1build1) ...
Selecting previously unselected package libbrotli1:arm64.
Preparing to unpack .../32-libbrotli1_1.2.0-3build1_arm64.deb ...
Unpacking libbrotli1:arm64 (1.2.0-3build1) ...
Selecting previously unselected package libsasl2-modules-db:arm64.
Preparing to unpack .../33-libsasl2-modules-db_2.1.28+dfsg1-9ubuntu3_arm64.deb ...
Unpacking libsasl2-modules-db:arm64 (2.1.28+dfsg1-9ubuntu3) ...
Selecting previously unselected package libsasl2-2:arm64.
Preparing to unpack .../34-libsasl2-2_2.1.28+dfsg1-9ubuntu3_arm64.deb ...
Unpacking libsasl2-2:arm64 (2.1.28+dfsg1-9ubuntu3) ...
Selecting previously unselected package libldap-common.
Preparing to unpack .../35-libldap-common_2.6.10+dfsg-1ubuntu5_all.deb ...
Unpacking libldap-common (2.6.10+dfsg-1ubuntu5) ...
Selecting previously unselected package libldap2:arm64.
Preparing to unpack .../36-libldap2_2.6.10+dfsg-1ubuntu5_arm64.deb ...
Unpacking libldap2:arm64 (2.6.10+dfsg-1ubuntu5) ...
Selecting previously unselected package librtmp1:arm64.
Preparing to unpack .../37-librtmp1_2.4+20151223.gitfa8646d.1-3_arm64.deb ...
Unpacking librtmp1:arm64 (2.4+20151223.gitfa8646d.1-3) ...
Selecting previously unselected package libssh2-1t64:arm64.
Preparing to unpack .../38-libssh2-1t64_1.11.1-1ubuntu0.26.04.4_arm64.deb ...
Unpacking libssh2-1t64:arm64 (1.11.1-1ubuntu0.26.04.4) ...
Selecting previously unselected package libcurl3t64-gnutls:arm64.
Preparing to unpack .../39-libcurl3t64-gnutls_8.18.0-1ubuntu2.7_arm64.deb ...
Unpacking libcurl3t64-gnutls:arm64 (8.18.0-1ubuntu2.7) ...
Selecting previously unselected package perl-modules-5.40.
Preparing to unpack .../40-perl-modules-5.40_5.40.1-7ubuntu0.3_all.deb ...
Unpacking perl-modules-5.40 (5.40.1-7ubuntu0.3) ...
Selecting previously unselected package libgdbm-compat4t64:arm64.
Preparing to unpack .../41-libgdbm-compat4t64_1.26-1build1_arm64.deb ...
Unpacking libgdbm-compat4t64:arm64 (1.26-1build1) ...
Selecting previously unselected package libperl5.40:arm64.
Preparing to unpack .../42-libperl5.40_5.40.1-7ubuntu0.3_arm64.deb ...
Unpacking libperl5.40:arm64 (5.40.1-7ubuntu0.3) ...
Selecting previously unselected package perl.
Preparing to unpack .../43-perl_5.40.1-7ubuntu0.3_arm64.deb ...
Unpacking perl (5.40.1-7ubuntu0.3) ...
Selecting previously unselected package liberror-perl.
Preparing to unpack .../44-liberror-perl_0.17030-1_all.deb ...
Unpacking liberror-perl (0.17030-1) ...
Selecting previously unselected package git-man.
Preparing to unpack .../45-git-man_1%3a2.53.0-1ubuntu1_all.deb ...
Unpacking git-man (1:2.53.0-1ubuntu1) ...
Selecting previously unselected package git.
Preparing to unpack .../46-git_1%3a2.53.0-1ubuntu1_arm64.deb ...
Unpacking git (1:2.53.0-1ubuntu1) ...
Selecting previously unselected package git-lfs.
Preparing to unpack .../47-git-lfs_3.7.1-1_arm64.deb ...
Unpacking git-lfs (3.7.1-1) ...
Selecting previously unselected package libsasl2-modules:arm64.
Preparing to unpack .../48-libsasl2-modules_2.1.28+dfsg1-9ubuntu3_arm64.deb ...
Unpacking libsasl2-modules:arm64 (2.1.28+dfsg1-9ubuntu3) ...
Selecting previously unselected package patch.
Preparing to unpack .../49-patch_2.8-2build1_arm64.deb ...
Unpacking patch (2.8-2build1) ...
Setting up media-types (14.0.0build1) ...
Setting up libxau6:arm64 (1:1.0.11-1build2) ...
Setting up libxdmcp6:arm64 (1:1.1.5-2) ...
Setting up libkeyutils1:arm64 (1.6.3-6ubuntu3) ...
Setting up libxcb1:arm64 (1.17.0-2ubuntu1) ...
Setting up libgdbm6t64:arm64 (1.26-1build1) ...
Setting up libgdbm-compat4t64:arm64 (1.26-1build1) ...
Setting up libcbor0.10:arm64 (0.10.2-2ubuntu3) ...
Setting up libbrotli1:arm64 (1.2.0-3build1) ...
Setting up libedit2:arm64 (3.1-20251016-1) ...
Setting up libsqlite3-0:arm64 (3.46.1-9ubuntu0.3) ...
Setting up libsasl2-modules:arm64 (2.1.28+dfsg1-9ubuntu3) ...
Setting up libnghttp2-14:arm64 (1.68.0-2ubuntu0.2) ...
Setting up less (668-1build1) ...
Setting up krb5-locales (1.22.1-2ubuntu4.1) ...
Setting up libldap-common (2.6.10+dfsg-1ubuntu5) ...
Setting up libkrb5support0:arm64 (1.22.1-2ubuntu4.1) ...
Setting up libsasl2-modules-db:arm64 (2.1.28+dfsg1-9ubuntu3) ...
Setting up tzdata (2026c-0ubuntu0.26.04.1) ...

Current default time zone: 'Etc/UTC'
Local time is now:      Fri Sep 25 17:59:02 UTC 2026.
Universal Time is now:  Fri Sep 25 17:59:02 UTC 2026.
Run 'dpkg-reconfigure tzdata' if you wish to change it.

Setting up libnettle8t64:arm64 (3.10.2-1) ...
Setting up libx11-data (2:1.8.13-1) ...
Setting up libunistring5:arm64 (1.3-2build1) ...
Setting up patch (2.8-2build1) ...
Setting up libk5crypto3:arm64 (1.22.1-2ubuntu4.1) ...
Setting up libsasl2-2:arm64 (2.1.28+dfsg1-9ubuntu3) ...
Setting up libffi8:arm64 (3.5.2-4) ...
Setting up libhogweed6t64:arm64 (3.10.2-1) ...
Setting up perl-modules-5.40 (5.40.1-7ubuntu0.3) ...
Setting up libtasn1-6:arm64 (4.21.0-2) ...
Setting up git-man (1:2.53.0-1ubuntu1) ...
Setting up libx11-6:arm64 (2:1.8.13-1) ...
Setting up netbase (6.5build1) ...
Setting up libkrb5-3:arm64 (1.22.1-2ubuntu4.1) ...
Setting up libssh2-1t64:arm64 (1.11.1-1ubuntu0.26.04.4) ...
Setting up libfido2-1:arm64 (1.16.0-2build1) ...
Setting up openssl (3.5.5-1ubuntu3.5) ...
Setting up readline-common (8.3-4) ...
Setting up publicsuffix (20260129.1928-1) ...
Setting up libldap2:arm64 (2.6.10+dfsg-1ubuntu5) ...
Setting up libxmuu1:arm64 (2:1.1.3-4) ...
Setting up libxext6:arm64 (2:1.3.4-1build3) ...
Setting up libidn2-0:arm64 (2.3.8-4build1) ...
Setting up libperl5.40:arm64 (5.40.1-7ubuntu0.3) ...
Setting up ca-certificates (20260601~26.04.1) ...
Updating certificates in /etc/ssl/certs...
121 added, 0 removed; done.
Setting up perl (5.40.1-7ubuntu0.3) ...
Setting up libp11-kit0:arm64 (0.26.2-2) ...
Setting up libgssapi-krb5-2:arm64 (1.22.1-2ubuntu4.1) ...
Setting up libreadline8t64:arm64 (8.3-4) ...
Setting up xauth (1:1.1.2-1.1build1) ...
Setting up libgnutls30t64:arm64 (3.8.12-2ubuntu1.1) ...
Setting up libpython3.14-stdlib:arm64 (3.14.4-1ubuntu0.2) ...
Setting up openssh-client (1:10.2p1-2ubuntu3.6) ...
Setting up libpsl5t64:arm64 (0.21.2-1.1build2) ...
Setting up liberror-perl (0.17030-1) ...
Setting up librtmp1:arm64 (2.4+20151223.gitfa8646d.1-3) ...
Setting up python3.14 (3.14.4-1ubuntu0.2) ...
Setting up libpython3-stdlib:arm64 (3.14.3-0ubuntu2) ...
Setting up libcurl3t64-gnutls:arm64 (8.18.0-1ubuntu2.7) ...
Setting up python3 (3.14.3-0ubuntu2) ...
Setting up git (1:2.53.0-1ubuntu1) ...
Setting up git-lfs (3.7.1-1) ...
Processing triggers for libc-bin (2.43-2ubuntu1) ...
Processing triggers for ca-certificates (20260601~26.04.1) ...
Updating certificates in /etc/ssl/certs...
0 added, 0 removed; done.
Running hooks in /etc/ca-certificates/update.d...
done.
